// Jest Snapshot v1, https://goo.gl/fbAQLP

exports[`should render Drawer correctly 1`] = `
<div
  className="drawer"
>
  <div
    className="message"
  >
    <p>
      Loading...
    </p>
  </div>
  <div
    className="banner"
  />
  <List
    currentPage={1}
    loading={true}
  />
  <Pagination
    currentPage={1}
    fetchListings={[Function]}
  />
</div>
`;
